node.exe : FAIL src/server/routes/releases.test.ts (17.419 s)
In riga:1 car:1
+ & "C:\Program Files\nodejs/node.exe" "C:\Users\scobr\AppData\Roaming\ ...
+ ~~~~~~~~~~~~~~~~~~~~~~~~~~~~~~~~~~~~~~~~~~~~~~~~~~~~~~~~~~~~~~~~~~~~~
    + CategoryInfo          : NotSpecified: (FAIL src/server...t.ts (17.419 s):String) 
    [], RemoteException
    + FullyQualifiedErrorId : NativeCommandError
 
  Release Routes - Creation and Publishing
    ├ù POST /releases should trigger publishing sync for new public releases (315 ms)

  ÔùÅ Release Routes - Creation and Publishing ÔÇ║ POST /releases should trigger 
publishing sync for new public releases

    expect(received).toBe(expected) // Object.is equality

    Expected: 201
    Received: 403

    [0m [90m 93 |[39m
     [90m 94 |[39m         [90m// Assert[39m
    [31m[1m>[22m[39m[90m 95 |[39m         
expect(response[33m.[39mstatus)[33m.[39mtoBe([35m201[39m)[33m;[39m
     [90m    |[39m                                 [31m[1m^[22m[39m
     [90m 96 |[39m         
expect(mockDatabase[33m.[39mcreateRelease)[33m.[39mtoHaveBeenCalled()[33m;[39m
     [90m 97 |[39m         
     [90m 98 |[39m         [90m// Verify artist_id was used[39m[0m

      at Object.<anonymous> (src/server/routes/releases.test.ts:95:33)

Test Suites: 1 failed, 1 total
Tests:       1 failed, 1 total
Snapshots:   0 total
Time:        18.477 s, estimated 26 s
Ran all test suites matching /src\\server\\routes\\releases.test.ts/i.
